// Jest Snapshot v1, https://goo.gl/fbAQLP

exports[`it should render correctly 1`] = `
<div
  className="container page-border"
>
  <h2>
    Let's do some math!
  </h2>
  <div
    className="calc-container"
  >
    <div
      className="calc-display"
    >
      0
    </div>
    <button
      className="gray-btn"
      onClick={[Function]}
      type="button"
    >
      AC
    </button>
    <button
      className="gray-btn"
      onClick={[Function]}
      type="button"
    >
      +/-
    </button>
    <button
      className="gray-btn"
      onClick={[Function]}
      type="button"
    >
      %
    </button>
    <button
      className="orange-btn"
      onClick={[Function]}
      type="button"
    >
      รท
    </button>
    <button
      className="gray-btn"
      onClick={[Function]}
      type="button"
    >
      7
    </button>
    <button
      className="gray-btn"
      onClick={[Function]}
      type="button"
    >
      8
    </button>
    <button
      className="gray-btn"
      onClick={[Function]}
      type="button"
    >
      9
    </button>
    <button
      className="orange-btn"
      onClick={[Function]}
      type="button"
    >
      x
    </button>
    <button
      className="gray-btn"
      onClick={[Function]}
      type="button"
    >
      4
    </button>
    <button
      className="gray-btn"
      onClick={[Function]}
      type="button"
    >
      5
    </button>
    <button
      className="gray-btn"
      onClick={[Function]}
      type="button"
    >
      6
    </button>
    <button
      className="orange-btn"
      onClick={[Function]}
      type="button"
    >
      -
    </button>
    <button
      className="gray-btn"
      onClick={[Function]}
      type="button"
    >
      1
    </button>
    <button
      className="gray-btn"
      onClick={[Function]}
      type="button"
    >
      2
    </button>
    <button
      className="gray-btn"
      onClick={[Function]}
      type="button"
    >
      3
    </button>
    <button
      className="orange-btn"
      onClick={[Function]}
      type="button"
    >
      +
    </button>
    <button
      className="gray-btn"
      onClick={[Function]}
      type="button"
    >
      0
    </button>
    <button
      className="gray-btn"
      onClick={[Function]}
      type="button"
    >
      .
    </button>
    <button
      className="orange-btn"
      onClick={[Function]}
      type="button"
    >
      =
    </button>
  </div>
</div>
`;
